// Jest Snapshot v1, https://goo.gl/fbAQLP

exports[`Link Component should have snapshot 1`] = `
<button
  onClick={[MockFunction]}
/>
`;
